// Jest Snapshot v1, https://goo.gl/fbAQLP

exports[`Home page rendered correctly 1`] = `
<div
  className="quoteBox"
>
  <div
    className="quote"
  >
    <h1
      aria-label="quote"
    >
      "
      "
    </h1>
  </div>
  <div
    className="author"
  >
    <h2
      aria-label="author"
    >
      :- 
    </h2>
  </div>
  <div
    className="quote-button-cont"
  >
    <button
      className="quote-button"
      onClick={[Function]}
    >
      next
    </button>
  </div>
</div>
`;
