// Jest Snapshot v1, https://goo.gl/fbAQLP

exports[`Words page rendered correctly 1`] = `
<div
  className="word-top"
>
  <div
    className="word-comp"
  >
    <div
      className="word"
    >
      <h1>
        Word: 
      </h1>
    </div>
    <div
      className="meaning"
    >
      <h2>
        Definition: 
      </h2>
    </div>
  </div>
</div>
`;
